10-02 18:31:14.555  4453 21177 I adbd    : UsbFfs-monitor thread spawned
10-02 18:31:13.831     0     0 D cnss    : Runtime suspend start
10-02 18:31:13.835     0     0 I [kworke][0x190b1795c9f][21:31:14.813222] wlan: [20711:I:PMO] pmo_core_is_wow_applicable: 319: lpass enabled, enabling wow
10-02 18:31:13.835     0     0 I [kworke][0x190b1795fef][21:31:14.813266] wlan: [20711:I:PMO] pmo_core_enable_wow_in_fw: 807: drv wow is enabled
10-02 18:31:13.835     0     0 I [kworke][0x190b1796119][21:31:14.813281] wlan: [20711:I:PMO] pmo_core_enable_wow_in_fw: 820: RTPM wow
10-02 18:31:13.835     0     0 I [kworke][0x190b179630e][21:31:14.813308] wlan: [20711:I:WMI] send_wow_enable_cmd_tlv: 1832: suspend type: WOW_IFACE_PAUSE_ENABLED flag is 0x10
10-02 18:31:13.877     0     0 D cnss    : Setting MHI state: SUSPEND(6)
10-02 18:31:13.878     0     0 D cnss    : Suspending PCI link
10-02 18:31:13.878     0     0 D cnss    : Use PCIe DRV suspend
10-02 18:31:13.882     0     0 D cnss    : Runtime suspend status: 0
10-02 18:31:14.326     0     0 I pm8150b_charger: default_irq_handler: IRQ: aicl-done
10-02 18:31:14.417     0     0 I [irq][0x190b223fe2e][21:31:15.395646] wlan: [0:I:HIF] wake interrupt received on irq 461
10-02 18:31:14.418     0     0 I [irq][0x190b2244693][21:31:15.396608] wlan: [0:I:HIF] Runtime PM resume is requested by hif_wake_interrupt_handler [wlan]
10-02 18:31:14.419     0     0 D cnss    : Runtime resume start
10-02 18:31:14.419     0     0 D cnss    : Resuming PCI link
10-02 18:31:14.424     0     0 D cnss    : Set PCI link status to: 2
10-02 18:31:14.425     0     0 D cnss    : Setting MHI state: RESUME(7)
10-02 18:31:14.426     0     0 I [kworke][0x190b2269982][21:31:15.404540] wlan: [20711:I:PMO] pmo_core_psoc_send_host_wakeup_ind_to_fw: 1225: Host wakeup indication sent to fw
10-02 18:31:14.431     0     0 F [soft_i][0x190b228078e][21:31:15.409421] wlan: [0:F:WMA] WLAN triggered wakeup: BPF_ALLOW (39), vdev: 0 (STA)
10-02 18:31:14.431     0     0 F [soft_i][0x190b228192a][21:31:15.409656] wlan: [0:F:WMA] WLAN wake reason counters:
10-02 18:31:14.431     0     0 F [soft_i][0x190b2281b87][21:31:15.409687] wlan: [0:F:WMA] uc:24928 bc:0 v4_mc:1 v6_mc:0 ra:67 ns:0 na:0 icmp:0 icmpv6:67
10-02 18:31:14.431     0     0 F [soft_i][0x190b2281d85][21:31:15.409714] wlan: [0:F:WMA] assoc:0 disassoc:0 assoc_resp:0 reassoc:0 reassoc_resp:0 auth:0 deauth:0 action:0
10-02 18:31:14.431     0     0 F [soft_i][0x190b2281f71][21:31:15.409739] wlan: [0:F:WMA] pno_match:0 pno_complete:0 gscan:0 low_rssi:0 rssi_breach:0 oem:0 scan_11d:0
10-02 18:31:14.431     0     0 I [soft_i][0x190b2282887][21:31:15.409861] wlan: [0:I:WMA] wma_wow_parse_data_pkt: 2172: Src_mac: 8c:17:59:3f:a4:2b, Dst_mac: 76:f6:d1:d2:47:d8
10-02 18:31:14.431     0     0 I [soft_i][0x190b22829e2][21:31:15.409879] wlan: [0:I:WMA] WOW Wakeup: IPV4 TCP Packet rcvd
10-02 18:31:14.431     0     0 I [soft_i][0x190b2282b0f][21:31:15.409894] wlan: [0:I:WMA] Pkt_len: 52, src_port: 60168, dst_port: 42073
10-02 18:31:14.431     0     0 F [soft_i][0x190b2282c5e][21:31:15.409912] wlan: [0:F:WMA] WLAN wake reason counters:
10-02 18:31:14.431     0     0 F [soft_i][0x190b2282e1f][21:31:15.409935] wlan: [0:F:WMA] uc:24929 bc:0 v4_mc:1 v6_mc:0 ra:67 ns:0 na:0 icmp:0 icmpv6:67
10-02 18:31:14.432     0     0 F [soft_i][0x190b2282fd3][21:31:15.409958] wlan: [0:F:WMA] assoc:0 disassoc:0 assoc_resp:0 reassoc:0 reassoc_resp:0 auth:0 deauth:0 action:0
10-02 18:31:14.432     0     0 F [soft_i][0x190b2283181][21:31:15.409980] wlan: [0:F:WMA] pno_match:0 pno_complete:0 gscan:0 low_rssi:0 rssi_breach:0 oem:0 scan_11d:0
10-02 18:31:14.433     0     0 D cnss    : Runtime resume status: 0
10-02 18:31:14.433     0     0 D cnss    : Runtime idle
10-02 18:31:15.558  4453 21177 W adbd    : timed out while waiting for FUNCTIONFS_BIND, trying again
10-02 18:31:15.559  4453 21177 I adbd    : UsbFfs: connection terminated: monitor thread finished
10-02 18:31:15.559  4453  4453 I adbd    : UsbFfs: already offline
10-02 18:31:15.559  4453  4453 I adbd    : UsbFfsConnection being destroyed
10-02 18:31:15.574  4453  4459 I adbd    : opening control endpoint /dev/usb-ffs/adb/ep0
10-02 18:31:15.576  4453  4459 I adbd    : UsbFfsConnection constructed
10-02 18:31:14.597     0     0 I         : read descriptors
10-02 18:31:14.597     0     0 I         : read strings
10-02 18:31:15.578  4453 21178 I adbd    : UsbFfs-monitor thread spawned
10-02 18:31:14.951     0     0 D cnss    : Runtime suspend start
10-02 18:31:14.955     0     0 I [kworke][0x190b2c18333][21:31:15.933310] wlan: [20711:I:PMO] pmo_core_is_wow_applicable: 319: lpass enabled, enabling wow
10-02 18:31:14.955     0     0 I [kworke][0x190b2c186b7][21:31:15.933356] wlan: [20711:I:PMO] pmo_core_enable_wow_in_fw: 807: drv wow is enabled
10-02 18:31:14.955     0     0 I [kworke][0x190b2c1880c][21:31:15.933374] wlan: [20711:I:PMO] pmo_core_enable_wow_in_fw: 820: RTPM wow
10-02 18:31:14.955     0     0 I [kworke][0x190b2c18a78][21:31:15.933407] wlan: [20711:I:WMI] send_wow_enable_cmd_tlv: 1832: suspend type: WOW_IFACE_PAUSE_ENABLED flag is 0x10
10-02 18:31:14.997     0     0 D cnss    : Setting MHI state: SUSPEND(6)
10-02 18:31:14.997     0     0 D cnss    : Suspending PCI link
10-02 18:31:14.997     0     0 D cnss    : Use PCIe DRV suspend
10-02 18:31:15.002     0     0 D cnss    : Runtime suspend status: 0
10-02 18:31:15.544     0     0 I [irq][0x190b36dfd4c][21:31:16.522034] wlan: [0:I:HIF] wake interrupt received on irq 461
10-02 18:31:15.545     0     0 I [irq][0x190b36e455a][21:31:16.522992] wlan: [0:I:HIF] Runtime PM resume is requested by hif_wake_interrupt_handler [wlan]
10-02 18:31:15.545     0     0 D cnss    : Runtime resume start
10-02 18:31:15.545     0     0 D cnss    : Resuming PCI link
10-02 18:31:15.549     0     0 D cnss    : Set PCI link status to: 2
10-02 18:31:15.549     0     0 D cnss    : Setting MHI state: RESUME(7)
10-02 18:31:15.551     0     0 I [kworke][0x190b3700557][21:31:16.528965] wlan: [20711:I:PMO] pmo_core_psoc_send_host_wakeup_ind_to_fw: 1225: Host wakeup indication sent to fw
10-02 18:31:15.555     0     0 F [soft_i][0x190b37160f8][21:31:16.533600] wlan: [0:F:WMA] WLAN triggered wakeup: BPF_ALLOW (39), vdev: 0 (STA)
10-02 18:31:15.555     0     0 F [soft_i][0x190b3717334][21:31:16.533843] wlan: [0:F:WMA] WLAN wake reason counters:
10-02 18:31:15.555     0     0 F [soft_i][0x190b371757a][21:31:16.533873] wlan: [0:F:WMA] uc:24929 bc:0 v4_mc:1 v6_mc:0 ra:67 ns:0 na:0 icmp:0 icmpv6:67
10-02 18:31:15.555     0     0 F [soft_i][0x190b371776a][21:31:16.533899] wlan: [0:F:WMA] assoc:0 disassoc:0 assoc_resp:0 reassoc:0 reassoc_resp:0 auth:0 deauth:0 action:0
10-02 18:31:15.555     0     0 F [soft_i][0x190b371795f][21:31:16.533925] wlan: [0:F:WMA] pno_match:0 pno_complete:0 gscan:0 low_rssi:0 rssi_breach:0 oem:0 scan_11d:0
10-02 18:31:15.556     0     0 I [soft_i][0x190b3717fef][21:31:16.534013] wlan: [0:I:WMA] wma_wow_parse_data_pkt: 2172: Src_mac: 8c:17:59:3f:a4:2b, Dst_mac: 76:f6:d1:d2:47:d8
10-02 18:31:15.556     0     0 I [soft_i][0x190b371813a][21:31:16.534030] wlan: [0:I:WMA] WOW Wakeup: IPV4 TCP Packet rcvd
10-02 18:31:15.556     0     0 I [soft_i][0x190b3718506][21:31:16.534081] wlan: [0:I:WMA] Pkt_len: 52, src_port: 60168, dst_port: 42073
10-02 18:31:15.556     0     0 F [soft_i][0x190b371867e][21:31:16.534100] wlan: [0:F:WMA] WLAN wake reason counters:
10-02 18:31:15.556     0     0 F [soft_i][0x190b371885d][21:31:16.534125] wlan: [0:F:WMA] uc:24930 bc:0 v4_mc:1 v6_mc:0 ra:67 ns:0 na:0 icmp:0 icmpv6:67
10-02 18:31:15.556     0     0 F [soft_i][0x190b3718a29][21:31:16.534149] wlan: [0:F:WMA] assoc:0 disassoc:0 assoc_resp:0 reassoc:0 reassoc_resp:0 auth:0 deauth:0 action:0
10-02 18:31:15.556     0     0 F [soft_i][0x190b3718bea][21:31:16.534173] wlan: [0:F:WMA] pno_match:0 pno_complete:0 gscan:0 low_rssi:0 rssi_breach:0 oem:0 scan_11d:0
10-02 18:31:15.557     0     0 D cnss    : Runtime resume status: 0
10-02 18:31:15.557     0     0 D cnss    : Runtime idle
10-02 18:31:16.581  4453 21178 W adbd    : timed out while waiting for FUNCTIONFS_BIND, trying again
10-02 18:31:16.582  4453 21178 I adbd    : UsbFfs: connection terminated: monitor thread finished
10-02 18:31:16.582  4453  4453 I adbd    : UsbFfs: already offline
10-02 18:31:16.582  4453  4453 I adbd    : UsbFfsConnection being destroyed
10-02 18:31:15.615     0     0 E msm_dwc3_perf_vote_work: in_perf_mode:0, interrupts in last sample:0
10-02 18:31:16.598  4453  4459 I adbd    : opening control endpoint /dev/usb-ffs/adb/ep0
10-02 18:31:15.620     0     0 I         : read descriptors
10-02 18:31:15.620     0     0 I         : read strings
10-02 18:31:16.600  4453  4459 I adbd    : UsbFfsConnection constructed
10-02 18:31:16.601  4453 21179 I adbd    : UsbFfs-monitor thread spawned
10-02 18:31:16.071     0     0 D cnss    : Runtime suspend start
10-02 18:31:16.075     0     0 I [kworke][0x190b409a76c][21:31:17.053366] wlan: [20711:I:PMO] pmo_core_is_wow_applicable: 319: lpass enabled, enabling wow
10-02 18:31:16.075     0     0 I [kworke][0x190b409ab0f][21:31:17.053414] wlan: [20711:I:PMO] pmo_core_enable_wow_in_fw: 807: drv wow is enabled
10-02 18:31:16.075     0     0 I [kworke][0x190b409ac39][21:31:17.053430] wlan: [20711:I:PMO] pmo_core_enable_wow_in_fw: 820: RTPM wow
10-02 18:31:16.075     0     0 I [kworke][0x190b409aea3][21:31:17.053462] wlan: [20711:I:WMI] send_wow_enable_cmd_tlv: 1832: suspend type: WOW_IFACE_PAUSE_ENABLED flag is 0x10
10-02 18:31:16.119     0     0 D cnss    : Setting MHI state: SUSPEND(6)
10-02 18:31:16.119     0     0 D cnss    : Suspending PCI link
10-02 18:31:16.119     0     0 D cnss    : Use PCIe DRV suspend
10-02 18:31:16.124     0     0 D cnss    : Runtime suspend status: 0
10-02 18:31:17.604  4453 21179 W adbd    : timed out while waiting for FUNCTIONFS_BIND, trying again
10-02 18:31:17.604  4453 21179 I adbd    : UsbFfs: connection terminated: monitor thread finished
10-02 18:31:17.605  4453  4453 I adbd    : UsbFfs: already offline
10-02 18:31:17.606  4453  4453 I adbd    : UsbFfsConnection being destroyed
10-02 18:31:17.622  4453  4459 I adbd    : opening control endpoint /dev/usb-ffs/adb/ep0
10-02 18:31:17.624  4453  4459 I adbd    : UsbFfsConnection constructed
10-02 18:31:16.644     0     0 I         : read descriptors
10-02 18:31:16.644     0     0 I         : read strings
10-02 18:31:17.625  4453 21180 I adbd    : UsbFfs-monitor thread spawned
10-02 18:31:16.671     0     0 I [irq][0x190b4b82613][21:31:17.648979] wlan: [0:I:HIF] wake interrupt received on irq 461
10-02 18:31:16.671     0     0 I [irq][0x190b4b86b45][21:31:17.649898] wlan: [0:I:HIF] Runtime PM resume is requested by hif_wake_interrupt_handler [wlan]
10-02 18:31:16.672     0     0 D cnss    : Runtime resume start
10-02 18:31:16.672     0     0 D cnss    : Resuming PCI link
10-02 18:31:16.674     0     0 D cnss    : Set PCI link status to: 2
10-02 18:31:16.675     0     0 D cnss    : Setting MHI state: RESUME(7)
10-02 18:31:16.676     0     0 I [kworke][0x190b4b9c220][21:31:17.654469] wlan: [20711:I:PMO] pmo_core_psoc_send_host_wakeup_ind_to_fw: 1225: Host wakeup indication sent to fw
10-02 18:31:16.680     0     0 F [soft_i][0x190b4bae0be][21:31:17.658291] wlan: [0:F:WMA] WLAN triggered wakeup: BPF_ALLOW (39), vdev: 0 (STA)
10-02 18:31:16.680     0     0 F [soft_i][0x190b4baec57][21:31:17.658445] wlan: [0:F:WMA] WLAN wake reason counters:
10-02 18:31:16.680     0     0 F [soft_i][0x190b4baeea0][21:31:17.658475] wlan: [0:F:WMA] uc:24930 bc:0 v4_mc:1 v6_mc:0 ra:67 ns:0 na:0 icmp:0 icmpv6:67
10-02 18:31:16.680     0     0 F [soft_i][0x190b4baf09b][21:31:17.658502] wlan: [0:F:WMA] assoc:0 disassoc:0 assoc_resp:0 reassoc:0 reassoc_resp:0 auth:0 deauth:0 action:0
10-02 18:31:16.680     0     0 F [soft_i][0x190b4baf282][21:31:17.658527] wlan: [0:F:WMA] pno_match:0 pno_complete:0 gscan:0 low_rssi:0 rssi_breach:0 oem:0 scan_11d:0
10-02 18:31:16.680     0     0 I [soft_i][0x190b4baf8dc][21:31:17.658612] wlan: [0:I:WMA] wma_wow_parse_data_pkt: 2172: Src_mac: 8c:17:59:3f:a4:2b, Dst_mac: 76:f6:d1:d2:47:d8
10-02 18:31:16.680     0     0 I [soft_i][0x190b4bafa1e][21:31:17.658629] wlan: [0:I:WMA] WOW Wakeup: IPV4 TCP Packet rcvd
10-02 18:31:16.680     0     0 I [soft_i][0x190b4bafb59][21:31:17.658645] wlan: [0:I:WMA] Pkt_len: 52, src_port: 60168, dst_port: 42073
10-02 18:31:16.680     0     0 F [soft_i][0x190b4bafcc6][21:31:17.658664] wlan: [0:F:WMA] WLAN wake reason counters:
10-02 18:31:16.680     0     0 F [soft_i][0x190b4bafe8f][21:31:17.658688] wlan: [0:F:WMA] uc:24931 bc:0 v4_mc:1 v6_mc:0 ra:67 ns:0 na:0 icmp:0 icmpv6:67
10-02 18:31:16.680     0     0 F [soft_i][0x190b4bb0064][21:31:17.658712] wlan: [0:F:WMA] assoc:0 disassoc:0 assoc_resp:0 reassoc:0 reassoc_resp:0 auth:0 deauth:0 action:0
10-02 18:31:16.680     0     0 F [soft_i][0x190b4bb0233][21:31:17.658736] wlan: [0:F:WMA] pno_match:0 pno_complete:0 gscan:0 low_rssi:0 rssi_breach:0 oem:0 scan_11d:0
10-02 18:31:16.681     0     0 D cnss    : Runtime resume status: 0
10-02 18:31:16.681     0     0 D cnss    : Runtime idle
10-02 18:31:17.191     0     0 D cnss    : Runtime suspend start
10-02 18:31:17.195     0     0 I [kworke][0x190b551c1bc][21:31:18.173290] wlan: [20711:I:PMO] pmo_core_is_wow_applicable: 319: lpass enabled, enabling wow
10-02 18:31:17.195     0     0 I [kworke][0x190b551c592][21:31:18.173341] wlan: [20711:I:PMO] pmo_core_enable_wow_in_fw: 807: drv wow is enabled
10-02 18:31:17.195     0     0 I [kworke][0x190b551c6b3][21:31:18.173356] wlan: [20711:I:PMO] pmo_core_enable_wow_in_fw: 820: RTPM wow
10-02 18:31:17.195     0     0 I [kworke][0x190b551c90f][21:31:18.173388] wlan: [20711:I:WMI] send_wow_enable_cmd_tlv: 1832: suspend type: WOW_IFACE_PAUSE_ENABLED flag is 0x10
10-02 18:31:17.237     0     0 D cnss    : Setting MHI state: SUSPEND(6)
10-02 18:31:17.237     0     0 D cnss    : Suspending PCI link
10-02 18:31:17.237     0     0 D cnss    : Use PCIe DRV suspend
10-02 18:31:17.242     0     0 D cnss    : Runtime suspend status: 0
10-02 18:31:18.630  4453 21180 W adbd    : timed out while waiting for FUNCTIONFS_BIND, trying again
10-02 18:31:18.631  4453 21180 I adbd    : UsbFfs: connection terminated: monitor thread finished
10-02 18:31:18.631  4453  4453 I adbd    : UsbFfs: already offline
10-02 18:31:18.631  4453  4453 I adbd    : UsbFfsConnection being destroyed
10-02 18:31:17.667     0     0 I         : read descriptors
10-02 18:31:17.667     0     0 I         : read strings
10-02 18:31:18.645  4453  4459 I adbd    : opening control endpoint /dev/usb-ffs/adb/ep0
10-02 18:31:18.647  4453  4459 I adbd    : UsbFfsConnection constructed
10-02 18:31:18.648  4453 21181 I adbd    : UsbFfs-monitor thread spawned
10-02 18:31:17.751     0     0 E msm_dwc3_perf_vote_work: in_perf_mode:0, interrupts in last sample:0
10-02 18:31:17.762     0     0 I pm8150b_charger: SMBMMI: mmi_basic_charge_sm: batt_mv = 4517, batt_ma -2432, batt_soc 59, batt_temp 31, usb_mv 8383, dc_mv 8390, cp 1, vp 1 dp 0
10-02 18:31:17.762     0     0 I pm8150b_charger: SMBMMI: mmi_basic_charge_sm: max_fv_mv:4450
10-02 18:31:17.762     0     0 I pm8150b_charger: SMBMMI: mmi_basic_charge_sm: Step State = NORMAL, Temp Zone 3, Health 1
10-02 18:31:17.762     0     0 I pm8150b_charger: SMBMMI: mmi_basic_charge_sm: IMPOSED: FV = 4450000, CDIS = 0, FCC = 2500000, USBICL = 2000000
10-02 18:31:17.774     0     0 W healthd : battery l=59 v=4517 t=31.0 h=2 st=2 c=2432127 fc=4275000 cc=0 chg=a
10-02 18:31:18.761  2661  2661 D QtiCarrierConfigHelper: WARNING, no carrier configs on phone Id: 0
10-02 18:31:18.761  2661  2661 D QtiCarrierConfigHelper: WARNING, no carrier configs on phone Id: 1
10-02 18:31:18.763  2564  4313 D PowerUI : can't show warning due to - plugged: true status unknown: false
10-02 18:31:17.797     0     0 I [irq][0x190b6022a8d][21:31:18.775437] wlan: [0:I:HIF] wake interrupt received on irq 461
10-02 18:31:17.798     0     0 I [irq][0x190b6026d87][21:31:18.776328] wlan: [0:I:HIF] Runtime PM resume is requested by hif_wake_interrupt_handler [wlan]
10-02 18:31:17.798     0     0 D cnss    : Runtime resume start
10-02 18:31:17.798     0     0 D cnss    : Resuming PCI link
10-02 18:31:17.801     0     0 D cnss    : Set PCI link status to: 2
10-02 18:31:17.801     0     0 D cnss    : Setting MHI state: RESUME(7)
10-02 18:31:17.802     0     0 I [kworke][0x190b603b48a][21:31:18.780688] wlan: [20711:I:PMO] pmo_core_psoc_send_host_wakeup_ind_to_fw: 1225: Host wakeup indication sent to fw
10-02 18:31:17.806     0     0 F [soft_i][0x190b604cf9b][21:31:18.784462] wlan: [0:F:WMA] WLAN triggered wakeup: BPF_ALLOW (39), vdev: 0 (STA)
10-02 18:31:17.806     0     0 F [soft_i][0x190b604dd9f][21:31:18.784649] wlan: [0:F:WMA] WLAN wake reason counters:
10-02 18:31:17.806     0     0 F [soft_i][0x190b604e459][21:31:18.784739] wlan: [0:F:WMA] uc:24931 bc:0 v4_mc:1 v6_mc:0 ra:67 ns:0 na:0 icmp:0 icmpv6:67
10-02 18:31:17.806     0     0 F [soft_i][0x190b604e663][21:31:18.784766] wlan: [0:F:WMA] assoc:0 disassoc:0 assoc_resp:0 reassoc:0 reassoc_resp:0 auth:0 deauth:0 action:0
10-02 18:31:17.806     0     0 F [soft_i][0x190b604e845][21:31:18.784791] wlan: [0:F:WMA] pno_match:0 pno_complete:0 gscan:0 low_rssi:0 rssi_breach:0 oem:0 scan_11d:0
10-02 18:31:17.806     0     0 I [soft_i][0x190b604f16d][21:31:18.784913] wlan: [0:I:WMA] wma_wow_parse_data_pkt: 2172: Src_mac: 8c:17:59:3f:a4:2b, Dst_mac: 76:f6:d1:d2:47:d8
10-02 18:31:17.806     0     0 I [soft_i][0x190b604f2bd][21:31:18.784930] wlan: [0:I:WMA] WOW Wakeup: IPV4 TCP Packet rcvd
10-02 18:31:17.806     0     0 I [soft_i][0x190b604f3ef][21:31:18.784946] wlan: [0:I:WMA] Pkt_len: 52, src_port: 60168, dst_port: 42073
10-02 18:31:17.807     0     0 F [soft_i][0x190b604f544][21:31:18.784964] wlan: [0:F:WMA] WLAN wake reason counters:
10-02 18:31:17.807     0     0 F [soft_i][0x190b604f70a][21:31:18.784988] wlan: [0:F:WMA] uc:24932 bc:0 v4_mc:1 v6_mc:0 ra:67 ns:0 na:0 icmp:0 icmpv6:67
10-02 18:31:17.807     0     0 F [soft_i][0x190b604f8d1][21:31:18.785011] wlan: [0:F:WMA] assoc:0 disassoc:0 assoc_resp:0 reassoc:0 reassoc_resp:0 auth:0 deauth:0 action:0
10-02 18:31:17.807     0     0 F [soft_i][0x190b604fa93][21:31:18.785035] wlan: [0:F:WMA] pno_match:0 pno_complete:0 gscan:0 low_rssi:0 rssi_breach:0 oem:0 scan_11d:0
10-02 18:31:17.807     0     0 D cnss    : Runtime resume status: 0
10-02 18:31:17.807     0     0 D cnss    : Runtime idle
10-02 18:31:18.311     0     0 D cnss    : Runtime suspend start
10-02 18:31:18.315     0     0 I [kworke][0x190b699e2aa][21:31:19.293303] wlan: [20711:I:PMO] pmo_core_is_wow_applicable: 319: lpass enabled, enabling wow
10-02 18:31:18.315     0     0 I [kworke][0x190b699e640][21:31:19.293351] wlan: [20711:I:PMO] pmo_core_enable_wow_in_fw: 807: drv wow is enabled
10-02 18:31:18.315     0     0 I [kworke][0x190b699e76e][21:31:19.293366] wlan: [20711:I:PMO] pmo_core_enable_wow_in_fw: 820: RTPM wow
10-02 18:31:18.315     0     0 I [kworke][0x190b699f04b][21:31:19.293485] wlan: [20711:I:WMI] send_wow_enable_cmd_tlv: 1832: suspend type: WOW_IFACE_PAUSE_ENABLED flag is 0x10
10-02 18:31:18.358     0     0 D cnss    : Setting MHI state: SUSPEND(6)
10-02 18:31:18.358     0     0 D cnss    : Suspending PCI link
10-02 18:31:18.358     0     0 D cnss    : Use PCIe DRV suspend
10-02 18:31:18.362     0     0 D cnss    : Runtime suspend status: 0
10-02 18:31:18.584     0     0 I pm8150b_charger: wdog_snarl_irq_handler: IRQ: wdog-snarl
10-02 18:31:18.584     0     0 E         : batt power supply prop 4 not supported
10-02 18:31:18.598     0     0 W healthd : battery l=59 v=4517 t=31.0 h=2 st=2 c=2449705 fc=4275000 cc=0 chg=a
10-02 18:31:19.583  2661  2661 D QtiCarrierConfigHelper: WARNING, no carrier configs on phone Id: 0
10-02 18:31:19.584  2661  2661 D QtiCarrierConfigHelper: WARNING, no carrier configs on phone Id: 1
10-02 18:31:19.585  2564  3203 D PowerUI : can't show warning due to - plugged: true status unknown: false
10-02 18:31:19.653  4453 21181 W adbd    : timed out while waiting for FUNCTIONFS_BIND, trying again
10-02 18:31:19.654  4453 21181 I adbd    : UsbFfs: connection terminated: monitor thread finished
10-02 18:31:19.655  4453  4453 I adbd    : UsbFfs: already offline
10-02 18:31:19.655  4453  4453 I adbd    : UsbFfsConnection being destroyed
10-02 18:31:18.691     0     0 I         : read descriptors
10-02 18:31:18.691     0     0 I         : read strings
10-02 18:31:19.668  4453  4459 I adbd    : opening control endpoint /dev/usb-ffs/adb/ep0
10-02 18:31:19.671  4453  4459 I adbd    : UsbFfsConnection constructed
10-02 18:31:19.672  4453 21182 I adbd    : UsbFfs-monitor thread spawned
10-02 18:31:18.923     0     0 I [irq][0x190b74bf344][21:31:19.901101] wlan: [0:I:HIF] wake interrupt received on irq 461
10-02 18:31:18.924     0     0 I [irq][0x190b74c38a7][21:31:19.902023] wlan: [0:I:HIF] Runtime PM resume is requested by hif_wake_interrupt_handler [wlan]
10-02 18:31:18.924     0     0 D cnss    : Runtime resume start
10-02 18:31:18.924     0     0 D cnss    : Resuming PCI link
10-02 18:31:18.928     0     0 D cnss    : Set PCI link status to: 2
10-02 18:31:18.928     0     0 D cnss    : Setting MHI state: RESUME(7)
10-02 18:31:18.930     0     0 I [kworke][0x190b74e0728][21:31:19.908189] wlan: [20711:I:PMO] pmo_core_psoc_send_host_wakeup_ind_to_fw: 1225: Host wakeup indication sent to fw
10-02 18:31:18.934     0     0 F [soft_i][0x190b74f5812][21:31:19.912682] wlan: [0:F:WMA] WLAN triggered wakeup: BPF_ALLOW (39), vdev: 0 (STA)
10-02 18:31:18.934     0     0 F [soft_i][0x190b74f68ca][21:31:19.912905] wlan: [0:F:WMA] WLAN wake reason counters:
10-02 18:31:18.935     0     0 F [soft_i][0x190b74f6d33][21:31:19.912963] wlan: [0:F:WMA] uc:24932 bc:0 v4_mc:1 v6_mc:0 ra:67 ns:0 na:0 icmp:0 icmpv6:67
10-02 18:31:18.935     0     0 F [soft_i][0x190b74f700e][21:31:19.913001] wlan: [0:F:WMA] assoc:0 disassoc:0 assoc_resp:0 reassoc:0 reassoc_resp:0 auth:0 deauth:0 action:0
10-02 18:31:18.935     0     0 F [soft_i][0x190b74f71e4][21:31:19.913026] wlan: [0:F:WMA] pno_match:0 pno_complete:0 gscan:0 low_rssi:0 rssi_breach:0 oem:0 scan_11d:0
10-02 18:31:18.935     0     0 I [soft_i][0x190b74f7d64][21:31:19.913179] wlan: [0:I:WMA] wma_wow_parse_data_pkt: 2172: Src_mac: 8c:17:59:3f:a4:2b, Dst_mac: 76:f6:d1:d2:47:d8
10-02 18:31:18.935     0     0 I [soft_i][0x190b74f7ed7][21:31:19.913199] wlan: [0:I:WMA] WOW Wakeup: IPV4 TCP Packet rcvd
10-02 18:31:18.935     0     0 I [soft_i][0x190b74f8007][21:31:19.913214] wlan: [0:I:WMA] Pkt_len: 52, src_port: 60168, dst_port: 42073
10-02 18:31:18.935     0     0 F [soft_i][0x190b74f8171][21:31:19.913233] wlan: [0:F:WMA] WLAN wake reason counters:
10-02 18:31:18.935     0     0 F [soft_i][0x190b74f8468][21:31:19.913273] wlan: [0:F:WMA] uc:24933 bc:0 v4_mc:1 v6_mc:0 ra:67 ns:0 na:0 icmp:0 icmpv6:67
10-02 18:31:18.935     0     0 F [soft_i][0x190b74f8639][21:31:19.913297] wlan: [0:F:WMA] assoc:0 disassoc:0 assoc_resp:0 reassoc:0 reassoc_resp:0 auth:0 deauth:0 action:0
10-02 18:31:18.935     0     0 F [soft_i][0x190b74f8816][21:31:19.913322] wlan: [0:F:WMA] pno_match:0 pno_complete:0 gscan:0 low_rssi:0 rssi_breach:0 oem:0 scan_11d:0
10-02 18:31:18.936     0     0 D cnss    : Runtime resume status: 0
10-02 18:31:18.936     0     0 D cnss    : Runtime idle
10-02 18:31:19.458     0     0 D cnss    : Runtime suspend start
10-02 18:31:19.462     0     0 I [kworke][0x190b7e9d53d][21:31:20.440004] wlan: [20711:I:PMO] pmo_core_is_wow_applicable: 319: lpass enabled, enabling wow
10-02 18:31:19.462     0     0 I [kworke][0x190b7e9d93c][21:31:20.440057] wlan: [20711:I:PMO] pmo_core_enable_wow_in_fw: 807: drv wow is enabled
10-02 18:31:19.462     0     0 I [kworke][0x190b7e9da79][21:31:20.440074] wlan: [20711:I:PMO] pmo_core_enable_wow_in_fw: 820: RTPM wow
10-02 18:31:19.462     0     0 I [kworke][0x190b7e9dce0][21:31:20.440106] wlan: [20711:I:WMI] send_wow_enable_cmd_tlv: 1832: suspend type: WOW_IFACE_PAUSE_ENABLED flag is 0x10
10-02 18:31:19.507     0     0 D cnss    : Setting MHI state: SUSPEND(6)
10-02 18:31:19.507     0     0 D cnss    : Suspending PCI link
10-02 18:31:19.507     0     0 D cnss    : Use PCIe DRV suspend
10-02 18:31:19.510     0     0 D cnss    : Runtime suspend status: 0
10-02 18:31:20.677  4453 21182 W adbd    : timed out while waiting for FUNCTIONFS_BIND, trying again
10-02 18:31:20.677  4453 21182 I adbd    : UsbFfs: connection terminated: monitor thread finished
10-02 18:31:20.679  4453  4453 I adbd    : UsbFfs: already offline
10-02 18:31:20.679  4453  4453 I adbd    : UsbFfsConnection being destroyed
10-02 18:31:20.695  4453  4459 I adbd    : opening control endpoint /dev/usb-ffs/adb/ep0
10-02 18:31:20.698  4453  4459 I adbd    : UsbFfsConnection constructed
10-02 18:31:19.717     0     0 I         : read descriptors
10-02 18:31:19.717     0     0 I         : read strings
10-02 18:31:20.698  4453 21183 I adbd    : UsbFfs-monitor thread spawned
10-02 18:31:19.885     0     0 E msm_dwc3_perf_vote_work: in_perf_mode:0, interrupts in last sample:0
10-02 18:31:20.043     0     0 I [irq][0x190b894492d][21:31:21.021820] wlan: [0:I:HIF] wake interrupt received on irq 461
10-02 18:31:20.044     0     0 I [irq][0x190b89491ad][21:31:21.022783] wlan: [0:I:HIF] Runtime PM resume is requested by hif_wake_interrupt_handler [wlan]
10-02 18:31:20.045     0     0 D cnss    : Runtime resume start
10-02 18:31:20.045     0     0 D cnss    : Resuming PCI link
10-02 18:31:20.049     0     0 D cnss    : Set PCI link status to: 2
10-02 18:31:20.050     0     0 D cnss    : Setting MHI state: RESUME(7)
10-02 18:31:20.051     0     0 I [kworke][0x190b89682cd][21:31:21.029412] wlan: [20711:I:PMO] pmo_core_psoc_send_host_wakeup_ind_to_fw: 1225: Host wakeup indication sent to fw
10-02 18:31:20.057     0     0 F [soft_i][0x190b898681f][21:31:21.035884] wlan: [0:F:WMA] WLAN triggered wakeup: BPF_ALLOW (39), vdev: 0 (STA)
10-02 18:31:20.058     0     0 F [soft_i][0x190b898890f][21:31:21.036322] wlan: [0:F:WMA] WLAN wake reason counters:
10-02 18:31:20.058     0     0 F [soft_i][0x190b8988b83][21:31:21.036354] wlan: [0:F:WMA] uc:24933 bc:0 v4_mc:1 v6_mc:0 ra:67 ns:0 na:0 icmp:0 icmpv6:67
10-02 18:31:20.058     0     0 F [soft_i][0x190b8988d65][21:31:21.036379] wlan: [0:F:WMA] assoc:0 disassoc:0 assoc_resp:0 reassoc:0 reassoc_resp:0 auth:0 deauth:0 action:0
10-02 18:31:20.058     0     0 F [soft_i][0x190b8988f52][21:31:21.036405] wlan: [0:F:WMA] pno_match:0 pno_complete:0 gscan:0 low_rssi:0 rssi_breach:0 oem:0 scan_11d:0
10-02 18:31:20.058     0     0 I [soft_i][0x190b89895d6][21:31:21.036492] wlan: [0:I:WMA] wma_wow_parse_data_pkt: 2172: Src_mac: 8c:17:59:3f:a4:2b, Dst_mac: 76:f6:d1:d2:47:d8
10-02 18:31:20.058     0     0 I [soft_i][0x190b8989a40][21:31:21.036551] wlan: [0:I:WMA] WOW Wakeup: IPV4 TCP Packet rcvd
10-02 18:31:20.058     0     0 I [soft_i][0x190b8989b9b][21:31:21.036569] wlan: [0:I:WMA] Pkt_len: 52, src_port: 60168, dst_port: 42073
10-02 18:31:20.058     0     0 F [soft_i][0x190b8989d0f][21:31:21.036588] wlan: [0:F:WMA] WLAN wake reason counters:
10-02 18:31:20.058     0     0 F [soft_i][0x190b8989ee3][21:31:21.036613] wlan: [0:F:WMA] uc:24934 bc:0 v4_mc:1 v6_mc:0 ra:67 ns:0 na:0 icmp:0 icmpv6:67
10-02 18:31:20.058     0     0 F [soft_i][0x190b898a09f][21:31:21.036636] wlan: [0:F:WMA] assoc:0 disassoc:0 assoc_resp:0 reassoc:0 reassoc_resp:0 auth:0 deauth:0 action:0
10-02 18:31:20.058     0     0 F [soft_i][0x190b898a27c][21:31:21.036661] wlan: [0:F:WMA] pno_match:0 pno_complete:0 gscan:0 low_rssi:0 rssi_breach:0 oem:0 scan_11d:0
10-02 18:31:20.059     0     0 D cnss    : Runtime resume status: 0
10-02 18:31:20.059     0     0 D cnss    : Runtime idle
10-02 18:31:20.578     0     0 D cnss    : Runtime suspend start
10-02 18:31:20.580     0     0 I [kworke][0x190b9317a19][21:31:21.558362] wlan: [20711:I:PMO] pmo_core_is_wow_applicable: 319: lpass enabled, enabling wow
10-02 18:31:20.580     0     0 I [kworke][0x190b9317df2][21:31:21.558413] wlan: [20711:I:PMO] pmo_core_enable_wow_in_fw: 807: drv wow is enabled
10-02 18:31:20.580     0     0 I [kworke][0x190b9317f13][21:31:21.558428] wlan: [20711:I:PMO] pmo_core_enable_wow_in_fw: 820: RTPM wow
10-02 18:31:20.580     0     0 I [kworke][0x190b9318161][21:31:21.558459] wlan: [20711:I:WMI] send_wow_enable_cmd_tlv: 1832: suspend type: WOW_IFACE_PAUSE_ENABLED flag is 0x10
10-02 18:31:20.621     0     0 D cnss    : Setting MHI state: SUSPEND(6)
10-02 18:31:20.621     0     0 D cnss    : Suspending PCI link
10-02 18:31:20.621     0     0 D cnss    : Use PCIe DRV suspend
10-02 18:31:20.625     0     0 D cnss    : Runtime suspend status: 0
10-02 18:31:21.703  4453 21183 W adbd    : timed out while waiting for FUNCTIONFS_BIND, trying again
10-02 18:31:21.704  4453 21183 I adbd    : UsbFfs: connection terminated: monitor thread finished
10-02 18:31:21.704  4453  4453 I adbd    : UsbFfs: already offline
10-02 18:31:21.704  4453  4453 I adbd    : UsbFfsConnection being destroyed
10-02 18:31:20.741     0     0 D cnss    : Runtime resume start
10-02 18:31:20.742     0     0 D cnss    : Resuming PCI link
10-02 18:31:20.746     0     0 W rpmh_rsc_send_data: 26 callbacks suppressed
10-02 18:31:20.746     0     0 I qcom_rpmh DRV: apps_rsc TCS Busy, retrying RPMH message send: addr=0x30010
10-02 18:31:20.746     0     0 I qcom_rpmh DRV: apps_rsc TCS Busy, retrying RPMH message send: addr=0x30010
10-02 18:31:20.746     0     0 I qcom_rpmh DRV: apps_rsc TCS Busy, retrying RPMH message send: addr=0x30010
10-02 18:31:20.746     0     0 I qcom_rpmh DRV: apps_rsc TCS Busy, retrying RPMH message send: addr=0x30010
10-02 18:31:20.746     0     0 I qcom_rpmh DRV: apps_rsc TCS Busy, retrying RPMH message send: addr=0x30010
10-02 18:31:20.746     0     0 I qcom_rpmh DRV: apps_rsc TCS Busy, retrying RPMH message send: addr=0x30010
10-02 18:31:20.746     0     0 I qcom_rpmh DRV: apps_rsc TCS Busy, retrying RPMH message send: addr=0x30010
10-02 18:31:20.746     0     0 I qcom_rpmh DRV: apps_rsc TCS Busy, retrying RPMH message send: addr=0x30010
10-02 18:31:20.746     0     0 I qcom_rpmh DRV: apps_rsc TCS Busy, retrying RPMH message send: addr=0x30010
10-02 18:31:20.746     0     0 I qcom_rpmh DRV: apps_rsc TCS Busy, retrying RPMH message send: addr=0x30010
10-02 18:31:20.747     0     0 D cnss    : Set PCI link status to: 2
10-02 18:31:20.747     0     0 D cnss    : Setting MHI state: RESUME(7)
10-02 18:31:20.752     0     0 I [kworke][0x190b963c974][21:31:21.730087] wlan: [20683:I:PMO] pmo_core_psoc_send_host_wakeup_ind_to_fw: 1225: Host wakeup indication sent to fw
10-02 18:31:21.730  4453  4459 I adbd    : opening control endpoint /dev/usb-ffs/adb/ep0
10-02 18:31:21.732  4453  4459 I adbd    : UsbFfsConnection constructed
10-02 18:31:21.733  4453 21184 I adbd    : UsbFfs-monitor thread spawned
10-02 18:31:20.753     0     0 I         : read descriptors
10-02 18:31:20.753     0     0 I         : read strings
10-02 18:31:20.763     0     0 D cnss    : Runtime resume status: 0
10-02 18:31:20.763     0     0 D cnss    : Runtime idle
10-02 18:31:22.737  4453 21184 W adbd    : timed out while waiting for FUNCTIONFS_BIND, trying again
10-02 18:31:22.737  4453 21184 I adbd    : UsbFfs: connection terminated: monitor thread finished
10-02 18:31:22.738  4453  4453 I adbd    : UsbFfs: already offline
10-02 18:31:22.738  4453  4453 I adbd    : UsbFfsConnection being destroyed
10-02 18:31:21.774     0     0 I         : read descriptors
10-02 18:31:21.774     0     0 I         : read strings
10-02 18:31:22.751  4453  4459 I adbd    : opening control endpoint /dev/usb-ffs/adb/ep0
10-02 18:31:22.754  4453  4459 I adbd    : UsbFfsConnection constructed
10-02 18:31:22.755  4453 21185 I adbd    : UsbFfs-monitor thread spawned
10-02 18:31:21.930     0     0 I logd    : logdr: UID=2000 GID=2000 PID=21186 n tail=0 logMask=99 pid=0 start=0ns deadline=0ns
10-02 18:31:22.015     0     0 E msm_dwc3_perf_vote_work: in_perf_mode:0, interrupts in last sample:0
